
=== BENCHMARK @ step 301558 ===
  Q: "what is a dog"
  A: "light four"

  Q: "the sky is"
  A: "ten"

  Q: "two plus three equals"
  A: "ship fly tells expects react"

Logged to /Users/ani/Frameo/Baby/backend/data/benchmark_chat_log.jsonl

=== BENCHMARK @ step 301558 ===
  Q: "what is a dog"
  A: "woman"

  Q: "the sky is"
  A: "glasses"

  Q: "two plus three equals"
  A: "looking"

Logged to /Users/ani/Frameo/Baby/backend/data/benchmark_chat_log.jsonl

=== BENCHMARK @ step 301818 ===
  Q: "what is a dog"
  A: "(no response)"

  Q: "the sky is"
  A: "who rule matter"

  Q: "two plus three equals"
  A: "level catches square react"

Logged to /Users/ani/Frameo/Baby/backend/data/benchmark_chat_log.jsonl

=== BENCHMARK @ step 302078 ===
  Q: "what is a dog"
  A: "thought"

  Q: "the sky is"
  A: "body her soap"

  Q: "two plus three equals"
  A: "thousand calls produce"

Logged to /Users/ani/Frameo/Baby/backend/data/benchmark_chat_log.jsonl

=== BENCHMARK @ step 306284 ===
  Q: "what is a dog"
  A: "smooth"

  Q: "the sky is"
  A: "colorful"

  Q: "two plus three equals"
  A: "bed"

Logged to /Users/ani/Frameo/Baby/backend/data/benchmark_chat_log.jsonl

=== BENCHMARK @ step 306284 ===
  Q: "what is a dog"
  A: "few success teacher"

  Q: "the sky is"
  A: "(no response)"

  Q: "two plus three equals"
  A: "break"

Logged to /Users/ani/Frameo/Baby/backend/data/benchmark_chat_log.jsonl

=== BENCHMARK @ step 306284 ===
  Q: "what is a dog"
  A: "tray"

  Q: "the sky is"
  A: "anger ring short remembers many wii"

  Q: "two plus three equals"
  A: "your moves"

Logged to /Users/ani/Frameo/Baby/backend/data/benchmark_chat_log.jsonl

=== BENCHMARK @ step 306551 ===
  Q: "what is a dog"
  A: "shore"

  Q: "the sky is"
  A: "wii"

  Q: "two plus three equals"
  A: "strong weak finger"

Logged to /Users/ani/Frameo/Baby/backend/data/benchmark_chat_log.jsonl

=== BENCHMARK @ step 310522 ===
  Q: "what is a dog"
  A: "stranger wear"

  Q: "the sky is"
  A: "happen"

  Q: "two plus three equals"
  A: "follow hot"

Logged to /Users/ani/Frameo/Baby/backend/data/benchmark_chat_log.jsonl

=== BENCHMARK @ step 310522 ===
  Q: "what is a dog"
  A: "(no response)"

  Q: "the sky is"
  A: "break"

  Q: "two plus three equals"
  A: "regular"

Logged to /Users/ani/Frameo/Baby/backend/data/benchmark_chat_log.jsonl

=== BENCHMARK @ step 310797 ===
  Q: "what is a dog"
  A: "such nectar"

  Q: "the sky is"
  A: "(no response)"

  Q: "two plus three equals"
  A: "serving"

Logged to /Users/ani/Frameo/Baby/backend/data/benchmark_chat_log.jsonl

=== BENCHMARK @ step 310797 ===
  Q: "what is a dog"
  A: "plant"

  Q: "the sky is"
  A: "get"

  Q: "two plus three equals"
  A: "see"

Logged to /Users/ani/Frameo/Baby/backend/data/benchmark_chat_log.jsonl

=== BENCHMARK @ step 314998 ===
  Q: "what is a dog"
  A: "dressed"

  Q: "the sky is"
  A: "good"

  Q: "two plus three equals"
  A: "do you wide"

Logged to /Users/ani/Frameo/Baby/backend/data/benchmark_chat_log.jsonl

=== BENCHMARK @ step 314998 ===
  Q: "what is a dog"
  A: "price"

  Q: "the sky is"
  A: "lead worst archways with employee"

  Q: "two plus three equals"
  A: "building"

Logged to /Users/ani/Frameo/Baby/backend/data/benchmark_chat_log.jsonl

=== BENCHMARK @ step 314998 ===
  Q: "what is a dog"
  A: "(no response)"

  Q: "the sky is"
  A: "width doctor"

  Q: "two plus three equals"
  A: "seem snowy"

Logged to /Users/ani/Frameo/Baby/backend/data/benchmark_chat_log.jsonl

=== BENCHMARK @ step 315258 ===
  Q: "what is a dog"
  A: "result"

  Q: "the sky is"
  A: "brush"

  Q: "two plus three equals"
  A: "builds"

Logged to /Users/ani/Frameo/Baby/backend/data/benchmark_chat_log.jsonl

=== BENCHMARK @ step 319175 ===
  Q: "what is a dog"
  A: "windows news box"

  Q: "the sky is"
  A: "length million effort break"

  Q: "two plus three equals"
  A: "below"

Logged to /Users/ani/Frameo/Baby/backend/data/benchmark_chat_log.jsonl

=== BENCHMARK @ step 319175 ===
  Q: "what is a dog"
  A: "stuffed"

  Q: "the sky is"
  A: "find"

  Q: "two plus three equals"
  A: "ship"

Logged to /Users/ani/Frameo/Baby/backend/data/benchmark_chat_log.jsonl

=== BENCHMARK @ step 319175 ===
  Q: "what is a dog"
  A: "(no response)"

  Q: "the sky is"
  A: "hair"

  Q: "two plus three equals"
  A: "posing"

Logged to /Users/ani/Frameo/Baby/backend/data/benchmark_chat_log.jsonl

=== BENCHMARK @ step 319435 ===
  Q: "what is a dog"
  A: "provide"

  Q: "the sky is"
  A: "either"

  Q: "two plus three equals"
  A: "forget"

Logged to /Users/ani/Frameo/Baby/backend/data/benchmark_chat_log.jsonl

=== BENCHMARK @ step 323398 ===
  Q: "what is a dog"
  A: "paint"

  Q: "the sky is"
  A: "cool"

  Q: "two plus three equals"
  A: "beautiful bonnies"

Logged to /Users/ani/Frameo/Baby/backend/data/benchmark_chat_log.jsonl

=== BENCHMARK @ step 323398 ===
  Q: "what is a dog"
  A: "easy friend"

  Q: "the sky is"
  A: "outside"

  Q: "two plus three equals"
  A: "playing"

Logged to /Users/ani/Frameo/Baby/backend/data/benchmark_chat_log.jsonl

=== BENCHMARK @ step 323398 ===
  Q: "what is a dog"
  A: "(no response)"

  Q: "the sky is"
  A: "town"

  Q: "two plus three equals"
  A: "score"

Logged to /Users/ani/Frameo/Baby/backend/data/benchmark_chat_log.jsonl

=== BENCHMARK @ step 323665 ===
  Q: "what is a dog"
  A: "areas"

  Q: "the sky is"
  A: "a used"

  Q: "two plus three equals"
  A: "keeps"

Logged to /Users/ani/Frameo/Baby/backend/data/benchmark_chat_log.jsonl

=== BENCHMARK @ step 327636 ===
  Q: "what is a dog"
  A: "animal"

  Q: "the sky is"
  A: "president friday"

  Q: "two plus three equals"
  A: "cow"

Logged to /Users/ani/Frameo/Baby/backend/data/benchmark_chat_log.jsonl

=== BENCHMARK @ step 327636 ===
  Q: "what is a dog"
  A: "wine"

  Q: "the sky is"
  A: "livestock walls"

  Q: "two plus three equals"
  A: "fight"

Logged to /Users/ani/Frameo/Baby/backend/data/benchmark_chat_log.jsonl

=== BENCHMARK @ step 327636 ===
  Q: "what is a dog"
  A: "elderly"

  Q: "the sky is"
  A: "couple"

  Q: "two plus three equals"
  A: "their compare available"

Logged to /Users/ani/Frameo/Baby/backend/data/benchmark_chat_log.jsonl

=== BENCHMARK @ step 327898 ===
  Q: "what is a dog"
  A: "afraid remembers save"

  Q: "the sky is"
  A: "liquid"

  Q: "two plus three equals"
  A: "angela having"

Logged to /Users/ani/Frameo/Baby/backend/data/benchmark_chat_log.jsonl

=== BENCHMARK @ step 331558 ===
  Q: "what is a dog"
  A: "pretty"

  Q: "the sky is"
  A: "containing"

  Q: "two plus three equals"
  A: "purpose"

Logged to /Users/ani/Frameo/Baby/backend/data/benchmark_chat_log.jsonl

=== BENCHMARK @ step 331558 ===
  Q: "what is a dog"
  A: "(no response)"

  Q: "the sky is"
  A: "adult"

  Q: "two plus three equals"
  A: "integers"

Logged to /Users/ani/Frameo/Baby/backend/data/benchmark_chat_log.jsonl

=== BENCHMARK @ step 331558 ===
  Q: "what is a dog"
  A: "(no response)"

  Q: "the sky is"
  A: "surfers"

  Q: "two plus three equals"
  A: "force"

Logged to /Users/ani/Frameo/Baby/backend/data/benchmark_chat_log.jsonl

=== BENCHMARK @ step 331818 ===
  Q: "what is a dog"
  A: "(no response)"

  Q: "the sky is"
  A: "hotdog grams rooms"

  Q: "two plus three equals"
  A: "political"

Logged to /Users/ani/Frameo/Baby/backend/data/benchmark_chat_log.jsonl

=== BENCHMARK @ step 335474 ===
  Q: "what is a dog"
  A: "may baseball"

  Q: "the sky is"
  A: "including"

  Q: "two plus three equals"
  A: "outside"

Logged to /Users/ani/Frameo/Baby/backend/data/benchmark_chat_log.jsonl

=== BENCHMARK @ step 335474 ===
  Q: "what is a dog"
  A: "perhaps wife"

  Q: "the sky is"
  A: "there humans"

  Q: "two plus three equals"
  A: "often"

Logged to /Users/ani/Frameo/Baby/backend/data/benchmark_chat_log.jsonl

=== BENCHMARK @ step 335734 ===
  Q: "what is a dog"
  A: "stainless"

  Q: "the sky is"
  A: "news nature"

  Q: "two plus three equals"
  A: "including"

Logged to /Users/ani/Frameo/Baby/backend/data/benchmark_chat_log.jsonl

=== BENCHMARK @ step 335734 ===
  Q: "what is a dog"
  A: "send bellhop wedding"

  Q: "the sky is"
  A: "edge"

  Q: "two plus three equals"
  A: "inside"

Logged to /Users/ani/Frameo/Baby/backend/data/benchmark_chat_log.jsonl

=== BENCHMARK @ step 339376 ===
  Q: "what is a dog"
  A: "english"

  Q: "the sky is"
  A: "price"

  Q: "two plus three equals"
  A: "camel"

Logged to /Users/ani/Frameo/Baby/backend/data/benchmark_chat_log.jsonl

=== BENCHMARK @ step 339376 ===
  Q: "what is a dog"
  A: "customers"

  Q: "the sky is"
  A: "arr"

  Q: "two plus three equals"
  A: "tuples"

Logged to /Users/ani/Frameo/Baby/backend/data/benchmark_chat_log.jsonl

=== BENCHMARK @ step 339636 ===
  Q: "what is a dog"
  A: "man"

  Q: "the sky is"
  A: "meal"

  Q: "two plus three equals"
  A: "mark"

Logged to /Users/ani/Frameo/Baby/backend/data/benchmark_chat_log.jsonl

=== BENCHMARK @ step 339636 ===
  Q: "what is a dog"
  A: "item"

  Q: "the sky is"
  A: "huge"

  Q: "two plus three equals"
  A: "better"

Logged to /Users/ani/Frameo/Baby/backend/data/benchmark_chat_log.jsonl

=== BENCHMARK @ step 343065 ===
  Q: "what is a dog"
  A: "method"

  Q: "the sky is"
  A: "hundred contact"

  Q: "two plus three equals"
  A: "uses"

Logged to /Users/ani/Frameo/Baby/backend/data/benchmark_chat_log.jsonl

=== BENCHMARK @ step 343333 ===
  Q: "what is a dog"
  A: "shower"

  Q: "the sky is"
  A: "leaf"

  Q: "two plus three equals"
  A: "class"

Logged to /Users/ani/Frameo/Baby/backend/data/benchmark_chat_log.jsonl

=== BENCHMARK @ step 343333 ===
  Q: "what is a dog"
  A: "mix"

  Q: "the sky is"
  A: "quilt"

  Q: "two plus three equals"
  A: "point"

Logged to /Users/ani/Frameo/Baby/backend/data/benchmark_chat_log.jsonl

=== BENCHMARK @ step 343603 ===
  Q: "what is a dog"
  A: "himself"

  Q: "the sky is"
  A: "(no response)"

  Q: "two plus three equals"
  A: "thin"

Logged to /Users/ani/Frameo/Baby/backend/data/benchmark_chat_log.jsonl

=== BENCHMARK @ step 346765 ===
  Q: "what is a dog"
  A: "orders"

  Q: "the sky is"
  A: "zebras"

  Q: "two plus three equals"
  A: "usual"

Logged to /Users/ani/Frameo/Baby/backend/data/benchmark_chat_log.jsonl

=== BENCHMARK @ step 346765 ===
  Q: "what is a dog"
  A: "indicating"

  Q: "the sky is"
  A: "received"

  Q: "two plus three equals"
  A: "caused"

Logged to /Users/ani/Frameo/Baby/backend/data/benchmark_chat_log.jsonl

=== BENCHMARK @ step 347025 ===
  Q: "what is a dog"
  A: "sitting"

  Q: "the sky is"
  A: "eli"

  Q: "two plus three equals"
  A: "all stilts octagonal"

Logged to /Users/ani/Frameo/Baby/backend/data/benchmark_chat_log.jsonl

=== BENCHMARK @ step 347025 ===
  Q: "what is a dog"
  A: "node"

  Q: "the sky is"
  A: "shorter"

  Q: "two plus three equals"
  A: "again"

Logged to /Users/ani/Frameo/Baby/backend/data/benchmark_chat_log.jsonl

=== BENCHMARK @ step 350407 ===
  Q: "what is a dog"
  A: "traffic"

  Q: "the sky is"
  A: "hundred budget"

  Q: "two plus three equals"
  A: "raise"

Logged to /Users/ani/Frameo/Baby/backend/data/benchmark_chat_log.jsonl

=== BENCHMARK @ step 350667 ===
  Q: "what is a dog"
  A: "indicating"

  Q: "the sky is"
  A: "countries"

  Q: "two plus three equals"
  A: "sleeping"

Logged to /Users/ani/Frameo/Baby/backend/data/benchmark_chat_log.jsonl

=== BENCHMARK @ step 350667 ===
  Q: "what is a dog"
  A: "seated"

  Q: "the sky is"
  A: "australia"

  Q: "two plus three equals"
  A: "similar search"

Logged to /Users/ani/Frameo/Baby/backend/data/benchmark_chat_log.jsonl

=== BENCHMARK @ step 350927 ===
  Q: "what is a dog"
  A: "their restroom"

  Q: "the sky is"
  A: "seated"

  Q: "two plus three equals"
  A: "mona"

Logged to /Users/ani/Frameo/Baby/backend/data/benchmark_chat_log.jsonl

=== BENCHMARK @ step 354047 ===
  Q: "what is a dog"
  A: "bank"

  Q: "the sky is"
  A: "plan"

  Q: "two plus three equals"
  A: "chairs"

Logged to /Users/ani/Frameo/Baby/backend/data/benchmark_chat_log.jsonl

=== BENCHMARK @ step 354307 ===
  Q: "what is a dog"
  A: "liv"

  Q: "the sky is"
  A: "work"

  Q: "two plus three equals"
  A: "backpack"

Logged to /Users/ani/Frameo/Baby/backend/data/benchmark_chat_log.jsonl

=== BENCHMARK @ step 354307 ===
  Q: "what is a dog"
  A: "sweet"

  Q: "the sky is"
  A: "level put"

  Q: "two plus three equals"
  A: "poured"

Logged to /Users/ani/Frameo/Baby/backend/data/benchmark_chat_log.jsonl

=== BENCHMARK @ step 354567 ===
  Q: "what is a dog"
  A: "press"

  Q: "the sky is"
  A: "writes next"

  Q: "two plus three equals"
  A: "flying"

Logged to /Users/ani/Frameo/Baby/backend/data/benchmark_chat_log.jsonl

=== BENCHMARK @ step 357688 ===
  Q: "what is a dog"
  A: "installation piece"

  Q: "the sky is"
  A: "hour"

  Q: "two plus three equals"
  A: "twice"

Logged to /Users/ani/Frameo/Baby/backend/data/benchmark_chat_log.jsonl

=== BENCHMARK @ step 357948 ===
  Q: "what is a dog"
  A: "eaten"

  Q: "the sky is"
  A: "fruit"

  Q: "two plus three equals"
  A: "linked"

Logged to /Users/ani/Frameo/Baby/backend/data/benchmark_chat_log.jsonl

=== BENCHMARK @ step 357948 ===
  Q: "what is a dog"
  A: "working"

  Q: "the sky is"
  A: "seemed"

  Q: "two plus three equals"
  A: "story"

Logged to /Users/ani/Frameo/Baby/backend/data/benchmark_chat_log.jsonl

=== BENCHMARK @ step 358209 ===
  Q: "what is a dog"
  A: "strings"

  Q: "the sky is"
  A: "lose"

  Q: "two plus three equals"
  A: "bee"

Logged to /Users/ani/Frameo/Baby/backend/data/benchmark_chat_log.jsonl

=== BENCHMARK @ step 361602 ===
  Q: "what is a dog"
  A: "distance"

  Q: "the sky is"
  A: "lime"

  Q: "two plus three equals"
  A: "cuts"

Logged to /Users/ani/Frameo/Baby/backend/data/benchmark_chat_log.jsonl

=== BENCHMARK @ step 361865 ===
  Q: "what is a dog"
  A: "rhinos"

  Q: "the sky is"
  A: "boarding"

  Q: "two plus three equals"
  A: "carries"

Logged to /Users/ani/Frameo/Baby/backend/data/benchmark_chat_log.jsonl

=== BENCHMARK @ step 361865 ===
  Q: "what is a dog"
  A: "antique"

  Q: "the sky is"
  A: "update"

  Q: "two plus three equals"
  A: "can born"

Logged to /Users/ani/Frameo/Baby/backend/data/benchmark_chat_log.jsonl

=== BENCHMARK @ step 362133 ===
  Q: "what is a dog"
  A: "cake"

  Q: "the sky is"
  A: "remains"

  Q: "two plus three equals"
  A: "sliced"

Logged to /Users/ani/Frameo/Baby/backend/data/benchmark_chat_log.jsonl

=== BENCHMARK @ step 365589 ===
  Q: "what is a dog"
  A: "thinks large"

  Q: "the sky is"
  A: "glitter surfing"

  Q: "two plus three equals"
  A: "rest"

Logged to /Users/ani/Frameo/Baby/backend/data/benchmark_chat_log.jsonl

=== BENCHMARK @ step 365589 ===
  Q: "what is a dog"
  A: "image"

  Q: "the sky is"
  A: "wear"

  Q: "two plus three equals"
  A: "eight"

Logged to /Users/ani/Frameo/Baby/backend/data/benchmark_chat_log.jsonl

=== BENCHMARK @ step 365589 ===
  Q: "what is a dog"
  A: "himself"

  Q: "the sky is"
  A: "colored"

  Q: "two plus three equals"
  A: "wanted"

Logged to /Users/ani/Frameo/Baby/backend/data/benchmark_chat_log.jsonl

=== BENCHMARK @ step 365852 ===
  Q: "what is a dog"
  A: "thinks reading"

  Q: "the sky is"
  A: "yes"

  Q: "two plus three equals"
  A: "countertop angle"

Logged to /Users/ani/Frameo/Baby/backend/data/benchmark_chat_log.jsonl

=== BENCHMARK @ step 369262 ===
  Q: "what is a dog"
  A: "nutrients"

  Q: "the sky is"
  A: "he heavy"

  Q: "two plus three equals"
  A: "(no response)"

Logged to /Users/ani/Frameo/Baby/backend/data/benchmark_chat_log.jsonl

=== BENCHMARK @ step 369262 ===
  Q: "what is a dog"
  A: "seeds"

  Q: "the sky is"
  A: "vegetation"

  Q: "two plus three equals"
  A: "century"

Logged to /Users/ani/Frameo/Baby/backend/data/benchmark_chat_log.jsonl

=== BENCHMARK @ step 369262 ===
  Q: "what is a dog"
  A: "dance"

  Q: "the sky is"
  A: "bus"

  Q: "two plus three equals"
  A: "main"

Logged to /Users/ani/Frameo/Baby/backend/data/benchmark_chat_log.jsonl

=== BENCHMARK @ step 369531 ===
  Q: "what is a dog"
  A: "chasing"

  Q: "the sky is"
  A: "based"

  Q: "two plus three equals"
  A: "nor"

Logged to /Users/ani/Frameo/Baby/backend/data/benchmark_chat_log.jsonl

=== BENCHMARK @ step 370366 ===
  Q: "what is a dog"
  A: "(error: Tensor for argument #2 'mat2' is on CPU, but expected it to be on GPU (while checking arguments for mm))"

  Q: "the sky is"
  A: "(error: Tensor for argument #2 'mat2' is on CPU, but expected it to be on GPU (while checking arguments for mm))"

  Q: "two plus three equals"
  A: "(no response)"

Logged to /Users/ani/Frameo/Baby/backend/data/benchmark_chat_log.jsonl

=== BENCHMARK @ step 370366 ===
  Q: "what is a dog"
  A: "(error: Tensor for argument #2 'mat2' is on CPU, but expected it to be on GPU (while checking arguments for mm))"

  Q: "the sky is"
  A: "(error: Tensor for argument #2 'mat2' is on CPU, but expected it to be on GPU (while checking arguments for mm))"

  Q: "two plus three equals"
  A: "(error: Tensor for argument #2 'mat2' is on CPU, but expected it to be on GPU (while checking arguments for mm))"

Logged to /Users/ani/Frameo/Baby/backend/data/benchmark_chat_log.jsonl

=== BENCHMARK @ step 370366 ===
  Q: "what is a dog"
  A: "(no response)"

  Q: "the sky is"
  A: "(no response)"

  Q: "two plus three equals"
  A: "(no response)"

Logged to /Users/ani/Frameo/Baby/backend/data/benchmark_chat_log.jsonl

=== BENCHMARK @ step 370366 ===
  Q: "what is a dog"
  A: "(error: Tensor for argument #2 'mat2' is on CPU, but expected it to be on GPU (while checking arguments for mm))"

  Q: "the sky is"
  A: "(error: Tensor for argument #2 'mat2' is on CPU, but expected it to be on GPU (while checking arguments for mm))"

  Q: "two plus three equals"
  A: "(error: Tensor for argument #2 'mat2' is on CPU, but expected it to be on GPU (while checking arguments for mm))"

Logged to /Users/ani/Frameo/Baby/backend/data/benchmark_chat_log.jsonl

=== BENCHMARK @ step 370988 ===
  Q: "what is a dog"
  A: "(no response)"

  Q: "the sky is"
  A: "(no response)"

  Q: "two plus three equals"
  A: "(no response)"

Logged to /Users/ani/Frameo/Baby/backend/data/benchmark_chat_log.jsonl

=== BENCHMARK @ step 370988 ===
  Q: "what is a dog"
  A: "(no response)"

  Q: "the sky is"
  A: "(no response)"

  Q: "two plus three equals"
  A: "food sign stop jump tree finger"

Logged to /Users/ani/Frameo/Baby/backend/data/benchmark_chat_log.jsonl

=== BENCHMARK @ step 370988 ===
  Q: "what is a dog"
  A: "(no response)"

  Q: "the sky is"
  A: "(no response)"

  Q: "two plus three equals"
  A: "(no response)"

Logged to /Users/ani/Frameo/Baby/backend/data/benchmark_chat_log.jsonl

=== BENCHMARK @ step 370430 ===
  Q: "what is a dog"
  A: "(no response)"

  Q: "the sky is"
  A: "food sign stop tree jump finger"

  Q: "two plus three equals"
  A: "sign food jump finger yellow pick"

Logged to /Users/ani/Frameo/Baby/backend/data/benchmark_chat_log.jsonl

=== BENCHMARK @ step 372713 ===
  Q: "what is a dog"
  A: "(no response)"

  Q: "the sky is"
  A: "business picture tree falls rock path"

  Q: "two plus three equals"
  A: "(no response)"

Logged to /Users/ani/Frameo/Baby/backend/data/benchmark_chat_log.jsonl

=== BENCHMARK @ step 372713 ===
  Q: "what is a dog"
  A: "(no response)"

  Q: "the sky is"
  A: "(no response)"

  Q: "two plus three equals"
  A: "no forest worker rock garden street"

Logged to /Users/ani/Frameo/Baby/backend/data/benchmark_chat_log.jsonl

=== BENCHMARK @ step 372713 ===
  Q: "what is a dog"
  A: "(no response)"

  Q: "the sky is"
  A: "(no response)"

  Q: "two plus three equals"
  A: "(no response)"

Logged to /Users/ani/Frameo/Baby/backend/data/benchmark_chat_log.jsonl

=== BENCHMARK @ step 372713 ===
  Q: "what is a dog"
  A: "(no response)"

  Q: "the sky is"
  A: "food street measure door beach leather"

  Q: "two plus three equals"
  A: "(no response)"

Logged to /Users/ani/Frameo/Baby/backend/data/benchmark_chat_log.jsonl

=== BENCHMARK @ step 372219 ===
  Q: "what is a dog"
  A: "(no response)"

  Q: "the sky is"
  A: "woman die lake knife cover chair"

  Q: "two plus three equals"
  A: "knife scene die serves bottle chair"

Logged to /Users/ani/Frameo/Baby/backend/data/benchmark_chat_log.jsonl

=== BENCHMARK @ step 372219 ===
  Q: "what is a dog"
  A: "woman die lake knife leaves still"

  Q: "the sky is"
  A: "(no response)"

  Q: "two plus three equals"
  A: "(no response)"

Logged to /Users/ani/Frameo/Baby/backend/data/benchmark_chat_log.jsonl

=== BENCHMARK @ step 372219 ===
  Q: "what is a dog"
  A: "(no response)"

  Q: "the sky is"
  A: "woman die lake knife cover train"

  Q: "two plus three equals"
  A: "knife scene die serves bottle chair"

Logged to /Users/ani/Frameo/Baby/backend/data/benchmark_chat_log.jsonl

=== BENCHMARK @ step 372219 ===
  Q: "what is a dog"
  A: "(no response)"

  Q: "the sky is"
  A: "produces die sky hand beach stop"

  Q: "two plus three equals"
  A: "knife scene die serves bottle chair"

Logged to /Users/ani/Frameo/Baby/backend/data/benchmark_chat_log.jsonl

=== BENCHMARK @ step 373898 ===
  Q: "what is a dog"
  A: "want signal train catch market garden"

  Q: "the sky is"
  A: "(no response)"

  Q: "two plus three equals"
  A: "happy valley bag base grow serves"

Logged to /Users/ani/Frameo/Baby/backend/data/benchmark_chat_log.jsonl

=== BENCHMARK @ step 373898 ===
  Q: "what is a dog"
  A: "(no response)"

  Q: "the sky is"
  A: "(no response)"

  Q: "two plus three equals"
  A: "(no response)"

Logged to /Users/ani/Frameo/Baby/backend/data/benchmark_chat_log.jsonl

=== BENCHMARK @ step 373898 ===
  Q: "what is a dog"
  A: "(no response)"

  Q: "the sky is"
  A: "(no response)"

  Q: "two plus three equals"
  A: "color bag valley base grow height"

Logged to /Users/ani/Frameo/Baby/backend/data/benchmark_chat_log.jsonl

=== BENCHMARK @ step 373898 ===
  Q: "what is a dog"
  A: "(no response)"

  Q: "the sky is"
  A: "write valley grow bag sky dress"

  Q: "two plus three equals"
  A: "(no response)"

Logged to /Users/ani/Frameo/Baby/backend/data/benchmark_chat_log.jsonl

=== BENCHMARK @ step 375223 ===
  Q: "what is a dog"
  A: "(no response)"

  Q: "the sky is"
  A: "food street bus picture pants lock"

  Q: "two plus three equals"
  A: "(no response)"

Logged to /Users/ani/Frameo/Baby/backend/data/benchmark_chat_log.jsonl

=== BENCHMARK @ step 375223 ===
  Q: "what is a dog"
  A: "want street bus sign lock eye"

  Q: "the sky is"
  A: "(no response)"

  Q: "two plus three equals"
  A: "food sign street bus picture pants"

Logged to /Users/ani/Frameo/Baby/backend/data/benchmark_chat_log.jsonl

=== BENCHMARK @ step 375223 ===
  Q: "what is a dog"
  A: "(no response)"

  Q: "the sky is"
  A: "(no response)"

  Q: "two plus three equals"
  A: "(no response)"

Logged to /Users/ani/Frameo/Baby/backend/data/benchmark_chat_log.jsonl

=== BENCHMARK @ step 375223 ===
  Q: "what is a dog"
  A: "(no response)"

  Q: "the sky is"
  A: "food sign street bus picture pants"

  Q: "two plus three equals"
  A: "(no response)"

Logged to /Users/ani/Frameo/Baby/backend/data/benchmark_chat_log.jsonl

=== BENCHMARK @ step 376310 ===
  Q: "what is a dog"
  A: "food sign finger yellow bus pick"

  Q: "the sky is"
  A: "(no response)"

  Q: "two plus three equals"
  A: "(no response)"

Logged to /Users/ani/Frameo/Baby/backend/data/benchmark_chat_log.jsonl

=== BENCHMARK @ step 376310 ===
  Q: "what is a dog"
  A: "(no response)"

  Q: "the sky is"
  A: "food sign street stop tree finger"

  Q: "two plus three equals"
  A: "(no response)"

Logged to /Users/ani/Frameo/Baby/backend/data/benchmark_chat_log.jsonl

=== BENCHMARK @ step 376310 ===
  Q: "what is a dog"
  A: "(no response)"

  Q: "the sky is"
  A: "(no response)"

  Q: "two plus three equals"
  A: "(no response)"

Logged to /Users/ani/Frameo/Baby/backend/data/benchmark_chat_log.jsonl

=== BENCHMARK @ step 376310 ===
  Q: "what is a dog"
  A: "child garden street beach drop five"

  Q: "the sky is"
  A: "(no response)"

  Q: "two plus three equals"
  A: "food sign three wind plane stop"

Logged to /Users/ani/Frameo/Baby/backend/data/benchmark_chat_log.jsonl

=== BENCHMARK @ step 377118 ===
  Q: "what is a dog"
  A: "want sign street finger yellow garden"

  Q: "the sky is"
  A: "(no response)"

  Q: "two plus three equals"
  A: "(no response)"

Logged to /Users/ani/Frameo/Baby/backend/data/benchmark_chat_log.jsonl

=== BENCHMARK @ step 377118 ===
  Q: "what is a dog"
  A: "(no response)"

  Q: "the sky is"
  A: "(no response)"

  Q: "two plus three equals"
  A: "want sign street finger yellow garden"

Logged to /Users/ani/Frameo/Baby/backend/data/benchmark_chat_log.jsonl

=== BENCHMARK @ step 377118 ===
  Q: "what is a dog"
  A: "(no response)"

  Q: "the sky is"
  A: "(no response)"

  Q: "two plus three equals"
  A: "sign machine street bag valley grow"

Logged to /Users/ani/Frameo/Baby/backend/data/benchmark_chat_log.jsonl

=== BENCHMARK @ step 377118 ===
  Q: "what is a dog"
  A: "(no response)"

  Q: "the sky is"
  A: "(no response)"

  Q: "two plus three equals"
  A: "sign machine street bag valley grow"

Logged to /Users/ani/Frameo/Baby/backend/data/benchmark_chat_log.jsonl

=== BENCHMARK @ step 378260 ===
  Q: "what is a dog"
  A: "want sign street finger yellow garden"

  Q: "the sky is"
  A: "(no response)"

  Q: "two plus three equals"
  A: "(no response)"

Logged to /Users/ani/Frameo/Baby/backend/data/benchmark_chat_log.jsonl

=== BENCHMARK @ step 378260 ===
  Q: "what is a dog"
  A: "(no response)"

  Q: "the sky is"
  A: "(no response)"

  Q: "two plus three equals"
  A: "(no response)"

Logged to /Users/ani/Frameo/Baby/backend/data/benchmark_chat_log.jsonl

=== BENCHMARK @ step 378260 ===
  Q: "what is a dog"
  A: "(no response)"

  Q: "the sky is"
  A: "(no response)"

  Q: "two plus three equals"
  A: "(no response)"

Logged to /Users/ani/Frameo/Baby/backend/data/benchmark_chat_log.jsonl

=== BENCHMARK @ step 378260 ===
  Q: "what is a dog"
  A: "(no response)"

  Q: "the sky is"
  A: "(no response)"

  Q: "two plus three equals"
  A: "(no response)"

Logged to /Users/ani/Frameo/Baby/backend/data/benchmark_chat_log.jsonl

=== BENCHMARK @ step 378800 ===
  Q: "what is a dog"
  A: "(no response)"

  Q: "the sky is"
  A: "(no response)"

  Q: "two plus three equals"
  A: "(no response)"

Logged to /Users/ani/Frameo/Baby/backend/data/benchmark_chat_log.jsonl

=== BENCHMARK @ step 378800 ===
  Q: "what is a dog"
  A: "food sign street bus picture rubber"

  Q: "the sky is"
  A: "(no response)"

  Q: "two plus three equals"
  A: "(no response)"

Logged to /Users/ani/Frameo/Baby/backend/data/benchmark_chat_log.jsonl

=== BENCHMARK @ step 378800 ===
  Q: "what is a dog"
  A: "(no response)"

  Q: "the sky is"
  A: "(no response)"

  Q: "two plus three equals"
  A: "(no response)"

Logged to /Users/ani/Frameo/Baby/backend/data/benchmark_chat_log.jsonl

=== BENCHMARK @ step 378800 ===
  Q: "what is a dog"
  A: "food sign street bus picture rubber"

  Q: "the sky is"
  A: "(no response)"

  Q: "two plus three equals"
  A: "(no response)"

Logged to /Users/ani/Frameo/Baby/backend/data/benchmark_chat_log.jsonl

=== BENCHMARK @ step 379585 ===
  Q: "what is a dog"
  A: "want sign street train garden lock"

  Q: "the sky is"
  A: "(no response)"

  Q: "two plus three equals"
  A: "(no response)"

Logged to /Users/ani/Frameo/Baby/backend/data/benchmark_chat_log.jsonl

=== BENCHMARK @ step 379585 ===
  Q: "what is a dog"
  A: "(no response)"

  Q: "the sky is"
  A: "(no response)"

  Q: "two plus three equals"
  A: "want sign train leaves street well"

Logged to /Users/ani/Frameo/Baby/backend/data/benchmark_chat_log.jsonl

=== BENCHMARK @ step 379585 ===
  Q: "what is a dog"
  A: "(no response)"

  Q: "the sky is"
  A: "sign machine street sky garden bed"

  Q: "two plus three equals"
  A: "(no response)"

Logged to /Users/ani/Frameo/Baby/backend/data/benchmark_chat_log.jsonl

=== BENCHMARK @ step 379585 ===
  Q: "what is a dog"
  A: "(no response)"

  Q: "the sky is"
  A: "(no response)"

  Q: "two plus three equals"
  A: "(no response)"

Logged to /Users/ani/Frameo/Baby/backend/data/benchmark_chat_log.jsonl

=== BENCHMARK @ step 380424 ===
  Q: "what is a dog"
  A: "(no response)"

  Q: "the sky is"
  A: "sign machine street sky garden bed"

  Q: "two plus three equals"
  A: "(no response)"

Logged to /Users/ani/Frameo/Baby/backend/data/benchmark_chat_log.jsonl

=== BENCHMARK @ step 380424 ===
  Q: "what is a dog"
  A: "(no response)"

  Q: "the sky is"
  A: "(no response)"

  Q: "two plus three equals"
  A: "(no response)"

Logged to /Users/ani/Frameo/Baby/backend/data/benchmark_chat_log.jsonl

=== BENCHMARK @ step 380424 ===
  Q: "what is a dog"
  A: "(no response)"

  Q: "the sky is"
  A: "(no response)"

  Q: "two plus three equals"
  A: "sign machine street bag valley grow"

Logged to /Users/ani/Frameo/Baby/backend/data/benchmark_chat_log.jsonl

=== BENCHMARK @ step 380424 ===
  Q: "what is a dog"
  A: "(no response)"

  Q: "the sky is"
  A: "(no response)"

  Q: "two plus three equals"
  A: "(no response)"

Logged to /Users/ani/Frameo/Baby/backend/data/benchmark_chat_log.jsonl

=== BENCHMARK @ step 380987 ===
  Q: "what is a dog"
  A: "want sign street train garden lock"

  Q: "the sky is"
  A: "(no response)"

  Q: "two plus three equals"
  A: "(no response)"

Logged to /Users/ani/Frameo/Baby/backend/data/benchmark_chat_log.jsonl

=== BENCHMARK @ step 380987 ===
  Q: "what is a dog"
  A: "(no response)"

  Q: "the sky is"
  A: "(no response)"

  Q: "two plus three equals"
  A: "(no response)"

Logged to /Users/ani/Frameo/Baby/backend/data/benchmark_chat_log.jsonl

=== BENCHMARK @ step 380987 ===
  Q: "what is a dog"
  A: "want train street lock well match"

  Q: "the sky is"
  A: "(no response)"

  Q: "two plus three equals"
  A: "(no response)"

Logged to /Users/ani/Frameo/Baby/backend/data/benchmark_chat_log.jsonl

=== BENCHMARK @ step 380987 ===
  Q: "what is a dog"
  A: "(no response)"

  Q: "the sky is"
  A: "(no response)"

  Q: "two plus three equals"
  A: "sign machine street bag valley grow"

Logged to /Users/ani/Frameo/Baby/backend/data/benchmark_chat_log.jsonl

=== BENCHMARK @ step 381562 ===
  Q: "what is a dog"
  A: "(no response)"

  Q: "the sky is"
  A: "(no response)"

  Q: "two plus three equals"
  A: "(no response)"

Logged to /Users/ani/Frameo/Baby/backend/data/benchmark_chat_log.jsonl

=== BENCHMARK @ step 381562 ===
  Q: "what is a dog"
  A: "(no response)"

  Q: "the sky is"
  A: "(no response)"

  Q: "two plus three equals"
  A: "(no response)"

Logged to /Users/ani/Frameo/Baby/backend/data/benchmark_chat_log.jsonl

=== BENCHMARK @ step 381562 ===
  Q: "what is a dog"
  A: "(no response)"

  Q: "the sky is"
  A: "(no response)"

  Q: "two plus three equals"
  A: "(no response)"

Logged to /Users/ani/Frameo/Baby/backend/data/benchmark_chat_log.jsonl

=== BENCHMARK @ step 381562 ===
  Q: "what is a dog"
  A: "(no response)"

  Q: "the sky is"
  A: "(no response)"

  Q: "two plus three equals"
  A: "(no response)"

Logged to /Users/ani/Frameo/Baby/backend/data/benchmark_chat_log.jsonl

=== BENCHMARK @ step 381562 ===
  Q: "what is a dog"
  A: "(no response)"

  Q: "the sky is"
  A: "(no response)"

  Q: "two plus three equals"
  A: "(no response)"

Logged to /Users/ani/Frameo/Baby/backend/data/benchmark_chat_log.jsonl

=== BENCHMARK @ step 381562 ===
  Q: "what is a dog"
  A: "(no response)"

  Q: "the sky is"
  A: "(no response)"

  Q: "two plus three equals"
  A: "(no response)"

Logged to /Users/ani/Frameo/Baby/backend/data/benchmark_chat_log.jsonl

=== BENCHMARK @ step 381562 ===
  Q: "what is a dog"
  A: "(no response)"

  Q: "the sky is"
  A: "(no response)"

  Q: "two plus three equals"
  A: "(no response)"

Logged to /Users/ani/Frameo/Baby/backend/data/benchmark_chat_log.jsonl

=== BENCHMARK @ step 381562 ===
  Q: "what is a dog"
  A: "(no response)"

  Q: "the sky is"
  A: "(no response)"

  Q: "two plus three equals"
  A: "(no response)"

Logged to /Users/ani/Frameo/Baby/backend/data/benchmark_chat_log.jsonl

=== BENCHMARK @ step 381562 ===
  Q: "what is a dog"
  A: "(no response)"

  Q: "the sky is"
  A: "(no response)"

  Q: "two plus three equals"
  A: "(no response)"

Logged to /Users/ani/Frameo/Baby/backend/data/benchmark_chat_log.jsonl

=== BENCHMARK @ step 381562 ===
  Q: "what is a dog"
  A: "(no response)"

  Q: "the sky is"
  A: "(no response)"

  Q: "two plus three equals"
  A: "(no response)"

Logged to /Users/ani/Frameo/Baby/backend/data/benchmark_chat_log.jsonl

=== BENCHMARK @ step 381562 ===
  Q: "what is a dog"
  A: "(no response)"

  Q: "the sky is"
  A: "(no response)"

  Q: "two plus three equals"
  A: "(no response)"

Logged to /Users/ani/Frameo/Baby/backend/data/benchmark_chat_log.jsonl

=== BENCHMARK @ step 381562 ===
  Q: "what is a dog"
  A: "(no response)"

  Q: "the sky is"
  A: "(no response)"

  Q: "two plus three equals"
  A: "(no response)"

Logged to /Users/ani/Frameo/Baby/backend/data/benchmark_chat_log.jsonl

=== BENCHMARK @ step 372454 ===
  Q: "what is a dog"
  A: "land window arm chain heart shop"

  Q: "the sky is"
  A: "no farm curve door worker blue"

  Q: "two plus three equals"
  A: "no farm curve door worker leather"

Logged to /Users/ani/Frameo/Baby/backend/data/benchmark_chat_log.jsonl

=== BENCHMARK @ step 372454 ===
  Q: "what is a dog"
  A: "view door bread can rubber jump"

  Q: "the sky is"
  A: "(no response)"

  Q: "two plus three equals"
  A: "(no response)"

Logged to /Users/ani/Frameo/Baby/backend/data/benchmark_chat_log.jsonl

=== BENCHMARK @ step 372454 ===
  Q: "what is a dog"
  A: "view bag door can rubber jump"

  Q: "the sky is"
  A: "land stop window chain shop add"

  Q: "two plus three equals"
  A: "land stop window shop safe add"

Logged to /Users/ani/Frameo/Baby/backend/data/benchmark_chat_log.jsonl

=== BENCHMARK @ step 372454 ===
  Q: "what is a dog"
  A: "(no response)"

  Q: "the sky is"
  A: "(no response)"

  Q: "two plus three equals"
  A: "thought window silver curve leather market"

Logged to /Users/ani/Frameo/Baby/backend/data/benchmark_chat_log.jsonl

=== BENCHMARK @ step 374098 ===
  Q: "what is a dog"
  A: "house arm period worker score bread"

  Q: "the sky is"
  A: "(no response)"

  Q: "two plus three equals"
  A: "(no response)"

Logged to /Users/ani/Frameo/Baby/backend/data/benchmark_chat_log.jsonl

=== BENCHMARK @ step 374098 ===
  Q: "what is a dog"
  A: "(no response)"

  Q: "the sky is"
  A: "house picture period worker score bread"

  Q: "two plus three equals"
  A: "(no response)"

Logged to /Users/ani/Frameo/Baby/backend/data/benchmark_chat_log.jsonl

=== BENCHMARK @ step 374098 ===
  Q: "what is a dog"
  A: "house arm period worker score bread"

  Q: "the sky is"
  A: "house picture arm period worker score"

  Q: "two plus three equals"
  A: "(no response)"

Logged to /Users/ani/Frameo/Baby/backend/data/benchmark_chat_log.jsonl

=== BENCHMARK @ step 374362 ===
  Q: "what is a dog"
  A: "house arm sun period worker score"

  Q: "the sky is"
  A: "house arm period worker score bread"

  Q: "two plus three equals"
  A: "(no response)"

Logged to /Users/ani/Frameo/Baby/backend/data/benchmark_chat_log.jsonl

=== BENCHMARK @ step 375665 ===
  Q: "what is a dog"
  A: "sign machine beach garden link tree"

  Q: "the sky is"
  A: "(no response)"

  Q: "two plus three equals"
  A: "sign machine valley grow stop link"

Logged to /Users/ani/Frameo/Baby/backend/data/benchmark_chat_log.jsonl

=== BENCHMARK @ step 375665 ===
  Q: "what is a dog"
  A: "(no response)"

  Q: "the sky is"
  A: "sign machine valley grow stop island"

  Q: "two plus three equals"
  A: "(no response)"

Logged to /Users/ani/Frameo/Baby/backend/data/benchmark_chat_log.jsonl

=== BENCHMARK @ step 375665 ===
  Q: "what is a dog"
  A: "(no response)"

  Q: "the sky is"
  A: "sign machine valley grow link island"

  Q: "two plus three equals"
  A: "(no response)"

Logged to /Users/ani/Frameo/Baby/backend/data/benchmark_chat_log.jsonl

=== BENCHMARK @ step 375665 ===
  Q: "what is a dog"
  A: "sign machine bag garden lake street"

  Q: "the sky is"
  A: "(no response)"

  Q: "two plus three equals"
  A: "sign machine valley grow bag link"

Logged to /Users/ani/Frameo/Baby/backend/data/benchmark_chat_log.jsonl

=== BENCHMARK @ step 376730 ===
  Q: "what is a dog"
  A: "base expects paint fruit forest sign"

  Q: "the sky is"
  A: "(no response)"

  Q: "two plus three equals"
  A: "(no response)"

Logged to /Users/ani/Frameo/Baby/backend/data/benchmark_chat_log.jsonl

=== BENCHMARK @ step 376730 ===
  Q: "what is a dog"
  A: "(no response)"

  Q: "the sky is"
  A: "base expects paint bird forest worker"

  Q: "two plus three equals"
  A: "(no response)"

Logged to /Users/ani/Frameo/Baby/backend/data/benchmark_chat_log.jsonl

=== BENCHMARK @ step 376730 ===
  Q: "what is a dog"
  A: "(no response)"

  Q: "the sky is"
  A: "base learns paint forest sky road"

  Q: "two plus three equals"
  A: "(no response)"

Logged to /Users/ani/Frameo/Baby/backend/data/benchmark_chat_log.jsonl

=== BENCHMARK @ step 376730 ===
  Q: "what is a dog"
  A: "(no response)"

  Q: "the sky is"
  A: "base sky hundred paint soldier road"

  Q: "two plus three equals"
  A: "(no response)"

Logged to /Users/ani/Frameo/Baby/backend/data/benchmark_chat_log.jsonl

=== BENCHMARK @ step 377821 ===
  Q: "what is a dog"
  A: "common bag arm shirt forest fall"

  Q: "the sky is"
  A: "house number worker seed serves grass"

  Q: "two plus three equals"
  A: "(no response)"

Logged to /Users/ani/Frameo/Baby/backend/data/benchmark_chat_log.jsonl

=== BENCHMARK @ step 377821 ===
  Q: "what is a dog"
  A: "(no response)"

  Q: "the sky is"
  A: "common bag arm shirt forest fall"

  Q: "two plus three equals"
  A: "(no response)"

Logged to /Users/ani/Frameo/Baby/backend/data/benchmark_chat_log.jsonl

=== BENCHMARK @ step 377821 ===
  Q: "what is a dog"
  A: "(no response)"

  Q: "the sky is"
  A: "meat floor well shop width chair"

  Q: "two plus three equals"
  A: "(no response)"

Logged to /Users/ani/Frameo/Baby/backend/data/benchmark_chat_log.jsonl

=== BENCHMARK @ step 377821 ===
  Q: "what is a dog"
  A: "(no response)"

  Q: "the sky is"
  A: "meat shop width chair hill garden"

  Q: "two plus three equals"
  A: "(no response)"

Logged to /Users/ani/Frameo/Baby/backend/data/benchmark_chat_log.jsonl

=== BENCHMARK @ step 378890 ===
  Q: "what is a dog"
  A: "want bag door brain river safe"

  Q: "the sky is"
  A: "(no response)"

  Q: "two plus three equals"
  A: "want forest bag door brain safe"

Logged to /Users/ani/Frameo/Baby/backend/data/benchmark_chat_log.jsonl

=== BENCHMARK @ step 378890 ===
  Q: "what is a dog"
  A: "(no response)"

  Q: "the sky is"
  A: "(no response)"

  Q: "two plus three equals"
  A: "house fight stop worker dress beach"

Logged to /Users/ani/Frameo/Baby/backend/data/benchmark_chat_log.jsonl

=== BENCHMARK @ step 378890 ===
  Q: "what is a dog"
  A: "(no response)"

  Q: "the sky is"
  A: "(no response)"

  Q: "two plus three equals"
  A: "sign machine valley grow bag door"

Logged to /Users/ani/Frameo/Baby/backend/data/benchmark_chat_log.jsonl

=== BENCHMARK @ step 378890 ===
  Q: "what is a dog"
  A: "(no response)"

  Q: "the sky is"
  A: "(no response)"

  Q: "two plus three equals"
  A: "sign machine valley grow bag stop"

Logged to /Users/ani/Frameo/Baby/backend/data/benchmark_chat_log.jsonl

=== BENCHMARK @ step 379708 ===
  Q: "what is a dog"
  A: "(no response)"

  Q: "the sky is"
  A: "want sign pick river serves grass"

  Q: "two plus three equals"
  A: "(no response)"

Logged to /Users/ani/Frameo/Baby/backend/data/benchmark_chat_log.jsonl

=== BENCHMARK @ step 379708 ===
  Q: "what is a dog"
  A: "(no response)"

  Q: "the sky is"
  A: "food sign street grass lock eye"

  Q: "two plus three equals"
  A: "(no response)"

Logged to /Users/ani/Frameo/Baby/backend/data/benchmark_chat_log.jsonl

=== BENCHMARK @ step 379708 ===
  Q: "what is a dog"
  A: "(no response)"

  Q: "the sky is"
  A: "(no response)"

  Q: "two plus three equals"
  A: "sign machine street garden finger yellow"

Logged to /Users/ani/Frameo/Baby/backend/data/benchmark_chat_log.jsonl

=== BENCHMARK @ step 379708 ===
  Q: "what is a dog"
  A: "(no response)"

  Q: "the sky is"
  A: "(no response)"

  Q: "two plus three equals"
  A: "(no response)"

Logged to /Users/ani/Frameo/Baby/backend/data/benchmark_chat_log.jsonl

=== BENCHMARK @ step 380509 ===
  Q: "what is a dog"
  A: "want street bed rubber river lock"

  Q: "the sky is"
  A: "(no response)"

  Q: "two plus three equals"
  A: "want street bed rubber lock eye"

Logged to /Users/ani/Frameo/Baby/backend/data/benchmark_chat_log.jsonl

=== BENCHMARK @ step 380509 ===
  Q: "what is a dog"
  A: "(no response)"

  Q: "the sky is"
  A: "(no response)"

  Q: "two plus three equals"
  A: "food street finger yellow rubber pick"

Logged to /Users/ani/Frameo/Baby/backend/data/benchmark_chat_log.jsonl

=== BENCHMARK @ step 380509 ===
  Q: "what is a dog"
  A: "(no response)"

  Q: "the sky is"
  A: "(no response)"

  Q: "two plus three equals"
  A: "(no response)"

Logged to /Users/ani/Frameo/Baby/backend/data/benchmark_chat_log.jsonl

=== BENCHMARK @ step 380783 ===
  Q: "what is a dog"
  A: "(no response)"

  Q: "the sky is"
  A: "child farm reduction cup stop turn"

  Q: "two plus three equals"
  A: "(no response)"

Logged to /Users/ani/Frameo/Baby/backend/data/benchmark_chat_log.jsonl
